// Jest Snapshot v1, https://goo.gl/fbAQLP

exports[`<SideDrawer /> renders correctly and matches snapshot 1`] = `
<DocumentFragment>
  <header
    class="MuiPaper-root MuiAppBar-root MuiAppBar-positionStatic MuiAppBar-colorPrimary MuiPaper-elevation4"
  >
    <div
      class="MuiToolbar-root MuiToolbar-regular MuiToolbar-gutters"
    >
      <button
        aria-label="menu"
        class="MuiButtonBase-root MuiIconButton-root makeStyles-menuButton-1 MuiIconButton-colorInherit MuiIconButton-edgeStart"
        tabindex="0"
        type="button"
      >
        <span
          class="MuiIconButton-label"
        >
          <span
            aria-hidden="true"
            class="material-icons MuiIcon-root"
          >
            menu
          </span>
        </span>
        <span
          class="MuiTouchRipple-root"
        />
      </button>
      <h6
        class="MuiTypography-root MuiTypography-h6"
      >
        Scopely Player Ratings
      </h6>
    </div>
  </header>
  <div />
</DocumentFragment>
`;
